// Vitest Snapshot v1, https://vitest.dev/guide/snapshot.html

exports[`distribution > lowestRepSort > tie breaks using the count of non rep items 1`] = `
[
  "Gearman",
  "Cabinets/Garage",
  "Hah",
  "Teaspoon",
]
`;

exports[`distribution > lowestRepSort > works 1`] = `
[
  "Gearman",
  "Teaspoon",
  "Cabinets/Garage",
  "Hah",
]
`;
